// Jest Snapshot v1, https://goo.gl/fbAQLP

exports[`Rating should render correctly given the required props 1`] = `
<RatingContainer>
  <Star
    full={true}
    id="fc352593-c91d-4cf6-b689-7478ee2b61c8"
    index={0}
    key="22072cf9-389b-4be3-9a9e-8b629624cd7f"
    onRate={[MockFunction]}
    setOverride={[Function]}
  />
  <Star
    full={true}
    id="fc352593-c91d-4cf6-b689-7478ee2b61c8"
    index={1}
    key="52a0dd5f-2da0-49fc-80b5-661222dff7c2"
    onRate={[MockFunction]}
    setOverride={[Function]}
  />
  <Star
    full={true}
    id="fc352593-c91d-4cf6-b689-7478ee2b61c8"
    index={2}
    key="239c93fd-8b64-4e5f-9ca7-b8fc61dfb93d"
    onRate={[MockFunction]}
    setOverride={[Function]}
  />
  <Star
    full={false}
    id="fc352593-c91d-4cf6-b689-7478ee2b61c8"
    index={3}
    key="21f9c5fe-60cd-47a5-b314-30dff531cc32"
    onRate={[MockFunction]}
    setOverride={[Function]}
  />
  <Star
    full={false}
    id="fc352593-c91d-4cf6-b689-7478ee2b61c8"
    index={4}
    key="fc9215e5-ff60-4005-b8bd-03b8019a504d"
    onRate={[MockFunction]}
    setOverride={[Function]}
  />
  <Star
    full={false}
    id="fc352593-c91d-4cf6-b689-7478ee2b61c8"
    index={5}
    key="8843af6f-5fcd-42d5-a424-7e5b8080e9e6"
    onRate={[MockFunction]}
    setOverride={[Function]}
  />
  <Star
    full={false}
    id="fc352593-c91d-4cf6-b689-7478ee2b61c8"
    index={6}
    key="f4d3f1e3-b85d-44b1-baa1-1c881412aaf3"
    onRate={[MockFunction]}
    setOverride={[Function]}
  />
  <Star
    full={false}
    id="fc352593-c91d-4cf6-b689-7478ee2b61c8"
    index={7}
    key="1fa2d76a-db76-4f5c-b336-22add89abe50"
    onRate={[MockFunction]}
    setOverride={[Function]}
  />
  <Star
    full={false}
    id="fc352593-c91d-4cf6-b689-7478ee2b61c8"
    index={8}
    key="2cdfa017-2c64-47c2-bd44-eb6ee972b439"
    onRate={[MockFunction]}
    setOverride={[Function]}
  />
  <Star
    full={false}
    id="fc352593-c91d-4cf6-b689-7478ee2b61c8"
    index={9}
    key="a8ce6334-ae3d-4c9c-94e0-d1e261978300"
    onRate={[MockFunction]}
    setOverride={[Function]}
  />
</RatingContainer>
`;
