// Jest Snapshot v1, https://goo.gl/fbAQLP

exports[`App should render correctly given the required props 1`] = `
.emotion-94 {
  max-width: 80vw;
  margin: 0 auto;
}

@media (min-width:1920px) {
  .emotion-94 {
    max-width: 60vw;
  }
}

.emotion-6 {
  padding: 2rem 0;
  display: -webkit-box;
  display: -webkit-flex;
  display: -ms-flexbox;
  display: flex;
  -webkit-box-pack: justify;
  -webkit-justify-content: space-between;
  -ms-flex-pack: justify;
  justify-content: space-between;
}

.emotion-0 {
  color: #262626;
  font-size: 2rem;
}

.emotion-2 {
  color: #595959;
  cursor: pointer;
  border-radius: 0.25rem;
  border: 0;
  border: 1px solid #404040;
  font-size: 0.8rem;
  margin-left: 1rem;
  padding: 1rem;
  outline: none;
  -webkit-transition: all 0.3s cubic-bezier(0.645,0.045,0.355,1) 0s;
  transition: all 0.3s cubic-bezier(0.645,0.045,0.355,1) 0s;
}

.emotion-2:hover {
  color: #f0f0f0;
  background-color: #404040;
  border: 1px solid #262626;
}

.emotion-4 {
  color: #FF4D4F;
  cursor: pointer;
  border-radius: 0.25rem;
  border: 0;
  border: 1px solid #FF4D4F;
  font-size: 0.8rem;
  margin-left: 1rem;
  padding: 1rem;
  outline: none;
  -webkit-transition: all 0.3s cubic-bezier(0.645,0.045,0.355,1) 0s;
  transition: all 0.3s cubic-bezier(0.645,0.045,0.355,1) 0s;
}

.emotion-4:hover {
  color: #FF6E70;
  background-color: #fff;
  border: 1px solid #FF6E70;
}

.emotion-92 {
  list-style: none;
  display: grid;
  grid-template-columns: repeat(auto-fill,12rem);
  grid-gap: 1rem;
  grid-row-gap: 2rem;
  -webkit-box-pack: justify;
  -webkit-justify-content: space-between;
  -ms-flex-pack: justify;
  justify-content: space-between;
}

.emotion-48 {
  border-radius: 0.25rem;
  border: 1px solid #f0f0f0;
  -webkit-transition: box-shadow 0.2s;
  transition: box-shadow 0.2s;
}

.emotion-48:hover {
  box-shadow: 0 10px 15px -3px rgba(0,0,0,0.025),0 4px 6px -3px rgba(0,0,0,0.05);
}

.emotion-8 {
  height: 10rem;
  background-color: #800080;
  border-radius: 0.2rem 0.2rem 0 0;
}

.emotion-10 {
  color: #404040;
  font-family: Avenir,Roboto,Helvetica Neue,sans-serif;
  font-size: 1rem;
  padding: 0.5rem 0.5rem;
}

.emotion-12 {
  font-size: 0.8rem;
  color: #595959;
  padding: 0 0.5rem;
}

.emotion-12:last-child {
  margin-bottom: 0.5rem;
}

.emotion-46 {
  padding: 0.5rem 0.5rem;
}

.emotion-16 {
  cursor: pointer;
  -webkit-transition: all 0.3s;
  transition: all 0.3s;
  height: 1.5rem;
  margin: 0 1px 0 1px;
}

.emotion-16:hover {
  margin: 0;
}

.emotion-50 {
  height: 10rem;
  background-color: #FFA500;
  border-radius: 0.2rem 0.2rem 0 0;
}

<App
  colors={
    Array [
      Object {
        "hex": "#800080",
        "id": "b0e3fab2-0477-4e28-b2e0-c2281a21d09b",
        "name": "purple",
        "rating": 5,
        "rgb": "RGB(128, 0, 128)",
      },
      Object {
        "hex": "#FFA500",
        "id": "fc352593-c91d-4cf6-b689-7478ee2b61c8",
        "name": "orange",
        "rating": 3,
        "rgb": "rgb(255, 165, 0)",
      },
    ]
  }
  getColors={
    [MockFunction] {
      "calls": Array [
        Array [],
      ],
      "results": Array [
        Object {
          "type": "return",
          "value": undefined,
        },
      ],
    }
  }
  isRandomRating={true}
  randomRateColor={[MockFunction]}
  rateColor={[MockFunction]}
  resetRatings={[MockFunction]}
  toggleRandomRating={[MockFunction]}
>
  <AppContainer>
    <div
      className="emotion-94 emotion-95"
    >
      <Header
        isRandomRating={true}
        onResetRatings={[Function]}
        startRandomRating={[Function]}
        stopRandomRating={[Function]}
      >
        <HeaderContainer>
          <div
            className="emotion-6 emotion-7"
          >
            <HeaderTitle>
              <h1
                className="emotion-0 emotion-1"
              >
                Top 10 favorite colors
              </h1>
            </HeaderTitle>
            <div>
              <Button
                onClick={[Function]}
                reset={false}
                text="stop"
              >
                <ButtonStyled
                  onClick={[Function]}
                  reset={false}
                  type="button"
                >
                  <button
                    className="emotion-2 emotion-3"
                    onClick={[Function]}
                    type="button"
                  >
                    stop
                  </button>
                </ButtonStyled>
              </Button>
              <Button
                onClick={[Function]}
                reset={true}
                text="reset ratings"
              >
                <ButtonStyled
                  onClick={[Function]}
                  reset={true}
                  type="button"
                >
                  <button
                    className="emotion-4 emotion-3"
                    onClick={[Function]}
                    type="button"
                  >
                    reset ratings
                  </button>
                </ButtonStyled>
              </Button>
            </div>
          </div>
        </HeaderContainer>
      </Header>
      <ColorList
        colors={
          Array [
            Object {
              "hex": "#800080",
              "id": "b0e3fab2-0477-4e28-b2e0-c2281a21d09b",
              "name": "purple",
              "rating": 5,
              "rgb": "RGB(128, 0, 128)",
            },
            Object {
              "hex": "#FFA500",
              "id": "fc352593-c91d-4cf6-b689-7478ee2b61c8",
              "name": "orange",
              "rating": 3,
              "rgb": "rgb(255, 165, 0)",
            },
          ]
        }
        onRate={[Function]}
      >
        <List>
          <ul
            className="emotion-92 emotion-93"
          >
            <li
              key="b0e3fab2-0477-4e28-b2e0-c2281a21d09b"
            >
              <ColorItem
                hex="#800080"
                id="b0e3fab2-0477-4e28-b2e0-c2281a21d09b"
                name="purple"
                onRate={[Function]}
                rating={5}
                rgb="RGB(128, 0, 128)"
              >
                <Card>
                  <div
                    className="emotion-48 emotion-49"
                  >
                    <Preview
                      hex="#800080"
                    >
                      <div
                        className="emotion-8 emotion-9"
                      />
                    </Preview>
                    <Title>
                      <h2
                        className="emotion-10 emotion-11"
                      >
                        purple
                      </h2>
                    </Title>
                    <Text>
                      <p
                        className="emotion-12 emotion-13"
                      >
                        #800080
                      </p>
                    </Text>
                    <Text>
                      <p
                        className="emotion-12 emotion-13"
                      >
                        RGB(128, 0, 128)
                      </p>
                    </Text>
                    <Rating
                      id="b0e3fab2-0477-4e28-b2e0-c2281a21d09b"
                      onRate={[Function]}
                      rating={5}
                      totalStars={5}
                    >
                      <RatingContainer>
                        <div
                          className="emotion-46 emotion-47"
                        >
                          <Star
                            full={true}
                            id="b0e3fab2-0477-4e28-b2e0-c2281a21d09b"
                            index={0}
                            key="f69c11aa-495c-4825-a286-95efb74999be"
                            onRate={[Function]}
                            setOverride={[Function]}
                          >
                            <StarIcon
                              color="#ffc107"
                              onBlur={[Function]}
                              onClick={[Function]}
                              onFocus={[Function]}
                              onMouseEnter={[Function]}
                              onMouseLeave={[Function]}
                              onMouseOut={[Function]}
                              onMouseOver={[Function]}
                              size={20}
                            >
                              <AiFillStar
                                className="emotion-16 emotion-17"
                                color="#ffc107"
                                onBlur={[Function]}
                                onClick={[Function]}
                                onFocus={[Function]}
                                onMouseEnter={[Function]}
                                onMouseLeave={[Function]}
                                onMouseOut={[Function]}
                                onMouseOver={[Function]}
                                size={20}
                              >
                                <IconBase
                                  attr={
                                    Object {
                                      "viewBox": "0 0 1024 1024",
                                    }
                                  }
                                  className="emotion-16 emotion-17"
                                  color="#ffc107"
                                  onBlur={[Function]}
                                  onClick={[Function]}
                                  onFocus={[Function]}
                                  onMouseEnter={[Function]}
                                  onMouseLeave={[Function]}
                                  onMouseOut={[Function]}
                                  onMouseOver={[Function]}
                                  size={20}
                                >
                                  <svg
                                    className="emotion-16 emotion-17"
                                    color="#ffc107"
                                    fill="currentColor"
                                    height={20}
                                    onBlur={[Function]}
                                    onClick={[Function]}
                                    onFocus={[Function]}
                                    onMouseEnter={[Function]}
                                    onMouseLeave={[Function]}
                                    onMouseOut={[Function]}
                                    onMouseOver={[Function]}
                                    size={20}
                                    stroke="currentColor"
                                    strokeWidth="0"
                                    style={
                                      Object {
                                        "color": "#ffc107",
                                      }
                                    }
                                    viewBox="0 0 1024 1024"
                                    width={20}
                                    xmlns="http://www.w3.org/2000/svg"
                                  >
                                    <path
                                      d="M908.1 353.1l-253.9-36.9L540.7 86.1c-3.1-6.3-8.2-11.4-14.5-14.5-15.8-7.8-35-1.3-42.9 14.5L369.8 316.2l-253.9 36.9c-7 1-13.4 4.3-18.3 9.3a32.05 32.05 0 0 0 .6 45.3l183.7 179.1-43.4 252.9a31.95 31.95 0 0 0 46.4 33.7L512 754l227.1 119.4c6.2 3.3 13.4 4.4 20.3 3.2 17.4-3 29.1-19.5 26.1-36.9l-43.4-252.9 183.7-179.1c5-4.9 8.3-11.3 9.3-18.3 2.7-17.5-9.5-33.7-27-36.3z"
                                      key="0"
                                    />
                                  </svg>
                                </IconBase>
                              </AiFillStar>
                            </StarIcon>
                          </Star>
                          <Star
                            full={true}
                            id="b0e3fab2-0477-4e28-b2e0-c2281a21d09b"
                            index={1}
                            key="df3e2b31-2d2c-417f-a105-b4319dbfc67f"
                            onRate={[Function]}
                            setOverride={[Function]}
                          >
                            <StarIcon
                              color="#ffc107"
                              onBlur={[Function]}
                              onClick={[Function]}
                              onFocus={[Function]}
                              onMouseEnter={[Function]}
                              onMouseLeave={[Function]}
                              onMouseOut={[Function]}
                              onMouseOver={[Function]}
                              size={20}
                            >
                              <AiFillStar
                                className="emotion-16 emotion-17"
                                color="#ffc107"
                                onBlur={[Function]}
                                onClick={[Function]}
                                onFocus={[Function]}
                                onMouseEnter={[Function]}
                                onMouseLeave={[Function]}
                                onMouseOut={[Function]}
                                onMouseOver={[Function]}
                                size={20}
                              >
                                <IconBase
                                  attr={
                                    Object {
                                      "viewBox": "0 0 1024 1024",
                                    }
                                  }
                                  className="emotion-16 emotion-17"
                                  color="#ffc107"
                                  onBlur={[Function]}
                                  onClick={[Function]}
                                  onFocus={[Function]}
                                  onMouseEnter={[Function]}
                                  onMouseLeave={[Function]}
                                  onMouseOut={[Function]}
                                  onMouseOver={[Function]}
                                  size={20}
                                >
                                  <svg
                                    className="emotion-16 emotion-17"
                                    color="#ffc107"
                                    fill="currentColor"
                                    height={20}
                                    onBlur={[Function]}
                                    onClick={[Function]}
                                    onFocus={[Function]}
                                    onMouseEnter={[Function]}
                                    onMouseLeave={[Function]}
                                    onMouseOut={[Function]}
                                    onMouseOver={[Function]}
                                    size={20}
                                    stroke="currentColor"
                                    strokeWidth="0"
                                    style={
                                      Object {
                                        "color": "#ffc107",
                                      }
                                    }
                                    viewBox="0 0 1024 1024"
                                    width={20}
                                    xmlns="http://www.w3.org/2000/svg"
                                  >
                                    <path
                                      d="M908.1 353.1l-253.9-36.9L540.7 86.1c-3.1-6.3-8.2-11.4-14.5-14.5-15.8-7.8-35-1.3-42.9 14.5L369.8 316.2l-253.9 36.9c-7 1-13.4 4.3-18.3 9.3a32.05 32.05 0 0 0 .6 45.3l183.7 179.1-43.4 252.9a31.95 31.95 0 0 0 46.4 33.7L512 754l227.1 119.4c6.2 3.3 13.4 4.4 20.3 3.2 17.4-3 29.1-19.5 26.1-36.9l-43.4-252.9 183.7-179.1c5-4.9 8.3-11.3 9.3-18.3 2.7-17.5-9.5-33.7-27-36.3z"
                                      key="0"
                                    />
                                  </svg>
                                </IconBase>
                              </AiFillStar>
                            </StarIcon>
                          </Star>
                          <Star
                            full={true}
                            id="b0e3fab2-0477-4e28-b2e0-c2281a21d09b"
                            index={2}
                            key="af403c9a-3cc7-4313-9bf4-237b6f406344"
                            onRate={[Function]}
                            setOverride={[Function]}
                          >
                            <StarIcon
                              color="#ffc107"
                              onBlur={[Function]}
                              onClick={[Function]}
                              onFocus={[Function]}
                              onMouseEnter={[Function]}
                              onMouseLeave={[Function]}
                              onMouseOut={[Function]}
                              onMouseOver={[Function]}
                              size={20}
                            >
                              <AiFillStar
                                className="emotion-16 emotion-17"
                                color="#ffc107"
                                onBlur={[Function]}
                                onClick={[Function]}
                                onFocus={[Function]}
                                onMouseEnter={[Function]}
                                onMouseLeave={[Function]}
                                onMouseOut={[Function]}
                                onMouseOver={[Function]}
                                size={20}
                              >
                                <IconBase
                                  attr={
                                    Object {
                                      "viewBox": "0 0 1024 1024",
                                    }
                                  }
                                  className="emotion-16 emotion-17"
                                  color="#ffc107"
                                  onBlur={[Function]}
                                  onClick={[Function]}
                                  onFocus={[Function]}
                                  onMouseEnter={[Function]}
                                  onMouseLeave={[Function]}
                                  onMouseOut={[Function]}
                                  onMouseOver={[Function]}
                                  size={20}
                                >
                                  <svg
                                    className="emotion-16 emotion-17"
                                    color="#ffc107"
                                    fill="currentColor"
                                    height={20}
                                    onBlur={[Function]}
                                    onClick={[Function]}
                                    onFocus={[Function]}
                                    onMouseEnter={[Function]}
                                    onMouseLeave={[Function]}
                                    onMouseOut={[Function]}
                                    onMouseOver={[Function]}
                                    size={20}
                                    stroke="currentColor"
                                    strokeWidth="0"
                                    style={
                                      Object {
                                        "color": "#ffc107",
                                      }
                                    }
                                    viewBox="0 0 1024 1024"
                                    width={20}
                                    xmlns="http://www.w3.org/2000/svg"
                                  >
                                    <path
                                      d="M908.1 353.1l-253.9-36.9L540.7 86.1c-3.1-6.3-8.2-11.4-14.5-14.5-15.8-7.8-35-1.3-42.9 14.5L369.8 316.2l-253.9 36.9c-7 1-13.4 4.3-18.3 9.3a32.05 32.05 0 0 0 .6 45.3l183.7 179.1-43.4 252.9a31.95 31.95 0 0 0 46.4 33.7L512 754l227.1 119.4c6.2 3.3 13.4 4.4 20.3 3.2 17.4-3 29.1-19.5 26.1-36.9l-43.4-252.9 183.7-179.1c5-4.9 8.3-11.3 9.3-18.3 2.7-17.5-9.5-33.7-27-36.3z"
                                      key="0"
                                    />
                                  </svg>
                                </IconBase>
                              </AiFillStar>
                            </StarIcon>
                          </Star>
                          <Star
                            full={true}
                            id="b0e3fab2-0477-4e28-b2e0-c2281a21d09b"
                            index={3}
                            key="090fe7ce-fa97-47a4-b3f9-3f2317aa594f"
                            onRate={[Function]}
                            setOverride={[Function]}
                          >
                            <StarIcon
                              color="#ffc107"
                              onBlur={[Function]}
                              onClick={[Function]}
                              onFocus={[Function]}
                              onMouseEnter={[Function]}
                              onMouseLeave={[Function]}
                              onMouseOut={[Function]}
                              onMouseOver={[Function]}
                              size={20}
                            >
                              <AiFillStar
                                className="emotion-16 emotion-17"
                                color="#ffc107"
                                onBlur={[Function]}
                                onClick={[Function]}
                                onFocus={[Function]}
                                onMouseEnter={[Function]}
                                onMouseLeave={[Function]}
                                onMouseOut={[Function]}
                                onMouseOver={[Function]}
                                size={20}
                              >
                                <IconBase
                                  attr={
                                    Object {
                                      "viewBox": "0 0 1024 1024",
                                    }
                                  }
                                  className="emotion-16 emotion-17"
                                  color="#ffc107"
                                  onBlur={[Function]}
                                  onClick={[Function]}
                                  onFocus={[Function]}
                                  onMouseEnter={[Function]}
                                  onMouseLeave={[Function]}
                                  onMouseOut={[Function]}
                                  onMouseOver={[Function]}
                                  size={20}
                                >
                                  <svg
                                    className="emotion-16 emotion-17"
                                    color="#ffc107"
                                    fill="currentColor"
                                    height={20}
                                    onBlur={[Function]}
                                    onClick={[Function]}
                                    onFocus={[Function]}
                                    onMouseEnter={[Function]}
                                    onMouseLeave={[Function]}
                                    onMouseOut={[Function]}
                                    onMouseOver={[Function]}
                                    size={20}
                                    stroke="currentColor"
                                    strokeWidth="0"
                                    style={
                                      Object {
                                        "color": "#ffc107",
                                      }
                                    }
                                    viewBox="0 0 1024 1024"
                                    width={20}
                                    xmlns="http://www.w3.org/2000/svg"
                                  >
                                    <path
                                      d="M908.1 353.1l-253.9-36.9L540.7 86.1c-3.1-6.3-8.2-11.4-14.5-14.5-15.8-7.8-35-1.3-42.9 14.5L369.8 316.2l-253.9 36.9c-7 1-13.4 4.3-18.3 9.3a32.05 32.05 0 0 0 .6 45.3l183.7 179.1-43.4 252.9a31.95 31.95 0 0 0 46.4 33.7L512 754l227.1 119.4c6.2 3.3 13.4 4.4 20.3 3.2 17.4-3 29.1-19.5 26.1-36.9l-43.4-252.9 183.7-179.1c5-4.9 8.3-11.3 9.3-18.3 2.7-17.5-9.5-33.7-27-36.3z"
                                      key="0"
                                    />
                                  </svg>
                                </IconBase>
                              </AiFillStar>
                            </StarIcon>
                          </Star>
                          <Star
                            full={true}
                            id="b0e3fab2-0477-4e28-b2e0-c2281a21d09b"
                            index={4}
                            key="e92dd2f9-bfd6-497b-957f-0293566a725d"
                            onRate={[Function]}
                            setOverride={[Function]}
                          >
                            <StarIcon
                              color="#ffc107"
                              onBlur={[Function]}
                              onClick={[Function]}
                              onFocus={[Function]}
                              onMouseEnter={[Function]}
                              onMouseLeave={[Function]}
                              onMouseOut={[Function]}
                              onMouseOver={[Function]}
                              size={20}
                            >
                              <AiFillStar
                                className="emotion-16 emotion-17"
                                color="#ffc107"
                                onBlur={[Function]}
                                onClick={[Function]}
                                onFocus={[Function]}
                                onMouseEnter={[Function]}
                                onMouseLeave={[Function]}
                                onMouseOut={[Function]}
                                onMouseOver={[Function]}
                                size={20}
                              >
                                <IconBase
                                  attr={
                                    Object {
                                      "viewBox": "0 0 1024 1024",
                                    }
                                  }
                                  className="emotion-16 emotion-17"
                                  color="#ffc107"
                                  onBlur={[Function]}
                                  onClick={[Function]}
                                  onFocus={[Function]}
                                  onMouseEnter={[Function]}
                                  onMouseLeave={[Function]}
                                  onMouseOut={[Function]}
                                  onMouseOver={[Function]}
                                  size={20}
                                >
                                  <svg
                                    className="emotion-16 emotion-17"
                                    color="#ffc107"
                                    fill="currentColor"
                                    height={20}
                                    onBlur={[Function]}
                                    onClick={[Function]}
                                    onFocus={[Function]}
                                    onMouseEnter={[Function]}
                                    onMouseLeave={[Function]}
                                    onMouseOut={[Function]}
                                    onMouseOver={[Function]}
                                    size={20}
                                    stroke="currentColor"
                                    strokeWidth="0"
                                    style={
                                      Object {
                                        "color": "#ffc107",
                                      }
                                    }
                                    viewBox="0 0 1024 1024"
                                    width={20}
                                    xmlns="http://www.w3.org/2000/svg"
                                  >
                                    <path
                                      d="M908.1 353.1l-253.9-36.9L540.7 86.1c-3.1-6.3-8.2-11.4-14.5-14.5-15.8-7.8-35-1.3-42.9 14.5L369.8 316.2l-253.9 36.9c-7 1-13.4 4.3-18.3 9.3a32.05 32.05 0 0 0 .6 45.3l183.7 179.1-43.4 252.9a31.95 31.95 0 0 0 46.4 33.7L512 754l227.1 119.4c6.2 3.3 13.4 4.4 20.3 3.2 17.4-3 29.1-19.5 26.1-36.9l-43.4-252.9 183.7-179.1c5-4.9 8.3-11.3 9.3-18.3 2.7-17.5-9.5-33.7-27-36.3z"
                                      key="0"
                                    />
                                  </svg>
                                </IconBase>
                              </AiFillStar>
                            </StarIcon>
                          </Star>
                        </div>
                      </RatingContainer>
                    </Rating>
                  </div>
                </Card>
              </ColorItem>
            </li>
            <li
              key="fc352593-c91d-4cf6-b689-7478ee2b61c8"
            >
              <ColorItem
                hex="#FFA500"
                id="fc352593-c91d-4cf6-b689-7478ee2b61c8"
                name="orange"
                onRate={[Function]}
                rating={3}
                rgb="rgb(255, 165, 0)"
              >
                <Card>
                  <div
                    className="emotion-48 emotion-49"
                  >
                    <Preview
                      hex="#FFA500"
                    >
                      <div
                        className="emotion-50 emotion-9"
                      />
                    </Preview>
                    <Title>
                      <h2
                        className="emotion-10 emotion-11"
                      >
                        orange
                      </h2>
                    </Title>
                    <Text>
                      <p
                        className="emotion-12 emotion-13"
                      >
                        #FFA500
                      </p>
                    </Text>
                    <Text>
                      <p
                        className="emotion-12 emotion-13"
                      >
                        rgb(255, 165, 0)
                      </p>
                    </Text>
                    <Rating
                      id="fc352593-c91d-4cf6-b689-7478ee2b61c8"
                      onRate={[Function]}
                      rating={3}
                      totalStars={5}
                    >
                      <RatingContainer>
                        <div
                          className="emotion-46 emotion-47"
                        >
                          <Star
                            full={true}
                            id="fc352593-c91d-4cf6-b689-7478ee2b61c8"
                            index={0}
                            key="e98332ff-b696-4d74-a13f-713b9a1cb56a"
                            onRate={[Function]}
                            setOverride={[Function]}
                          >
                            <StarIcon
                              color="#ffc107"
                              onBlur={[Function]}
                              onClick={[Function]}
                              onFocus={[Function]}
                              onMouseEnter={[Function]}
                              onMouseLeave={[Function]}
                              onMouseOut={[Function]}
                              onMouseOver={[Function]}
                              size={20}
                            >
                              <AiFillStar
                                className="emotion-16 emotion-17"
                                color="#ffc107"
                                onBlur={[Function]}
                                onClick={[Function]}
                                onFocus={[Function]}
                                onMouseEnter={[Function]}
                                onMouseLeave={[Function]}
                                onMouseOut={[Function]}
                                onMouseOver={[Function]}
                                size={20}
                              >
                                <IconBase
                                  attr={
                                    Object {
                                      "viewBox": "0 0 1024 1024",
                                    }
                                  }
                                  className="emotion-16 emotion-17"
                                  color="#ffc107"
                                  onBlur={[Function]}
                                  onClick={[Function]}
                                  onFocus={[Function]}
                                  onMouseEnter={[Function]}
                                  onMouseLeave={[Function]}
                                  onMouseOut={[Function]}
                                  onMouseOver={[Function]}
                                  size={20}
                                >
                                  <svg
                                    className="emotion-16 emotion-17"
                                    color="#ffc107"
                                    fill="currentColor"
                                    height={20}
                                    onBlur={[Function]}
                                    onClick={[Function]}
                                    onFocus={[Function]}
                                    onMouseEnter={[Function]}
                                    onMouseLeave={[Function]}
                                    onMouseOut={[Function]}
                                    onMouseOver={[Function]}
                                    size={20}
                                    stroke="currentColor"
                                    strokeWidth="0"
                                    style={
                                      Object {
                                        "color": "#ffc107",
                                      }
                                    }
                                    viewBox="0 0 1024 1024"
                                    width={20}
                                    xmlns="http://www.w3.org/2000/svg"
                                  >
                                    <path
                                      d="M908.1 353.1l-253.9-36.9L540.7 86.1c-3.1-6.3-8.2-11.4-14.5-14.5-15.8-7.8-35-1.3-42.9 14.5L369.8 316.2l-253.9 36.9c-7 1-13.4 4.3-18.3 9.3a32.05 32.05 0 0 0 .6 45.3l183.7 179.1-43.4 252.9a31.95 31.95 0 0 0 46.4 33.7L512 754l227.1 119.4c6.2 3.3 13.4 4.4 20.3 3.2 17.4-3 29.1-19.5 26.1-36.9l-43.4-252.9 183.7-179.1c5-4.9 8.3-11.3 9.3-18.3 2.7-17.5-9.5-33.7-27-36.3z"
                                      key="0"
                                    />
                                  </svg>
                                </IconBase>
                              </AiFillStar>
                            </StarIcon>
                          </Star>
                          <Star
                            full={true}
                            id="fc352593-c91d-4cf6-b689-7478ee2b61c8"
                            index={1}
                            key="5ac8d951-bfd4-4ba8-ab79-5494e3b368d1"
                            onRate={[Function]}
                            setOverride={[Function]}
                          >
                            <StarIcon
                              color="#ffc107"
                              onBlur={[Function]}
                              onClick={[Function]}
                              onFocus={[Function]}
                              onMouseEnter={[Function]}
                              onMouseLeave={[Function]}
                              onMouseOut={[Function]}
                              onMouseOver={[Function]}
                              size={20}
                            >
                              <AiFillStar
                                className="emotion-16 emotion-17"
                                color="#ffc107"
                                onBlur={[Function]}
                                onClick={[Function]}
                                onFocus={[Function]}
                                onMouseEnter={[Function]}
                                onMouseLeave={[Function]}
                                onMouseOut={[Function]}
                                onMouseOver={[Function]}
                                size={20}
                              >
                                <IconBase
                                  attr={
                                    Object {
                                      "viewBox": "0 0 1024 1024",
                                    }
                                  }
                                  className="emotion-16 emotion-17"
                                  color="#ffc107"
                                  onBlur={[Function]}
                                  onClick={[Function]}
                                  onFocus={[Function]}
                                  onMouseEnter={[Function]}
                                  onMouseLeave={[Function]}
                                  onMouseOut={[Function]}
                                  onMouseOver={[Function]}
                                  size={20}
                                >
                                  <svg
                                    className="emotion-16 emotion-17"
                                    color="#ffc107"
                                    fill="currentColor"
                                    height={20}
                                    onBlur={[Function]}
                                    onClick={[Function]}
                                    onFocus={[Function]}
                                    onMouseEnter={[Function]}
                                    onMouseLeave={[Function]}
                                    onMouseOut={[Function]}
                                    onMouseOver={[Function]}
                                    size={20}
                                    stroke="currentColor"
                                    strokeWidth="0"
                                    style={
                                      Object {
                                        "color": "#ffc107",
                                      }
                                    }
                                    viewBox="0 0 1024 1024"
                                    width={20}
                                    xmlns="http://www.w3.org/2000/svg"
                                  >
                                    <path
                                      d="M908.1 353.1l-253.9-36.9L540.7 86.1c-3.1-6.3-8.2-11.4-14.5-14.5-15.8-7.8-35-1.3-42.9 14.5L369.8 316.2l-253.9 36.9c-7 1-13.4 4.3-18.3 9.3a32.05 32.05 0 0 0 .6 45.3l183.7 179.1-43.4 252.9a31.95 31.95 0 0 0 46.4 33.7L512 754l227.1 119.4c6.2 3.3 13.4 4.4 20.3 3.2 17.4-3 29.1-19.5 26.1-36.9l-43.4-252.9 183.7-179.1c5-4.9 8.3-11.3 9.3-18.3 2.7-17.5-9.5-33.7-27-36.3z"
                                      key="0"
                                    />
                                  </svg>
                                </IconBase>
                              </AiFillStar>
                            </StarIcon>
                          </Star>
                          <Star
                            full={true}
                            id="fc352593-c91d-4cf6-b689-7478ee2b61c8"
                            index={2}
                            key="de2ed5f0-1747-4e7e-bde0-505f70cbd0d9"
                            onRate={[Function]}
                            setOverride={[Function]}
                          >
                            <StarIcon
                              color="#ffc107"
                              onBlur={[Function]}
                              onClick={[Function]}
                              onFocus={[Function]}
                              onMouseEnter={[Function]}
                              onMouseLeave={[Function]}
                              onMouseOut={[Function]}
                              onMouseOver={[Function]}
                              size={20}
                            >
                              <AiFillStar
                                className="emotion-16 emotion-17"
                                color="#ffc107"
                                onBlur={[Function]}
                                onClick={[Function]}
                                onFocus={[Function]}
                                onMouseEnter={[Function]}
                                onMouseLeave={[Function]}
                                onMouseOut={[Function]}
                                onMouseOver={[Function]}
                                size={20}
                              >
                                <IconBase
                                  attr={
                                    Object {
                                      "viewBox": "0 0 1024 1024",
                                    }
                                  }
                                  className="emotion-16 emotion-17"
                                  color="#ffc107"
                                  onBlur={[Function]}
                                  onClick={[Function]}
                                  onFocus={[Function]}
                                  onMouseEnter={[Function]}
                                  onMouseLeave={[Function]}
                                  onMouseOut={[Function]}
                                  onMouseOver={[Function]}
                                  size={20}
                                >
                                  <svg
                                    className="emotion-16 emotion-17"
                                    color="#ffc107"
                                    fill="currentColor"
                                    height={20}
                                    onBlur={[Function]}
                                    onClick={[Function]}
                                    onFocus={[Function]}
                                    onMouseEnter={[Function]}
                                    onMouseLeave={[Function]}
                                    onMouseOut={[Function]}
                                    onMouseOver={[Function]}
                                    size={20}
                                    stroke="currentColor"
                                    strokeWidth="0"
                                    style={
                                      Object {
                                        "color": "#ffc107",
                                      }
                                    }
                                    viewBox="0 0 1024 1024"
                                    width={20}
                                    xmlns="http://www.w3.org/2000/svg"
                                  >
                                    <path
                                      d="M908.1 353.1l-253.9-36.9L540.7 86.1c-3.1-6.3-8.2-11.4-14.5-14.5-15.8-7.8-35-1.3-42.9 14.5L369.8 316.2l-253.9 36.9c-7 1-13.4 4.3-18.3 9.3a32.05 32.05 0 0 0 .6 45.3l183.7 179.1-43.4 252.9a31.95 31.95 0 0 0 46.4 33.7L512 754l227.1 119.4c6.2 3.3 13.4 4.4 20.3 3.2 17.4-3 29.1-19.5 26.1-36.9l-43.4-252.9 183.7-179.1c5-4.9 8.3-11.3 9.3-18.3 2.7-17.5-9.5-33.7-27-36.3z"
                                      key="0"
                                    />
                                  </svg>
                                </IconBase>
                              </AiFillStar>
                            </StarIcon>
                          </Star>
                          <Star
                            full={false}
                            id="fc352593-c91d-4cf6-b689-7478ee2b61c8"
                            index={3}
                            key="712f0b0c-8cc6-42d8-a622-1daa89cf3150"
                            onRate={[Function]}
                            setOverride={[Function]}
                          >
                            <StarIcon
                              color="#e4e5e9"
                              onBlur={[Function]}
                              onClick={[Function]}
                              onFocus={[Function]}
                              onMouseEnter={[Function]}
                              onMouseLeave={[Function]}
                              onMouseOut={[Function]}
                              onMouseOver={[Function]}
                              size={20}
                            >
                              <AiFillStar
                                className="emotion-16 emotion-17"
                                color="#e4e5e9"
                                onBlur={[Function]}
                                onClick={[Function]}
                                onFocus={[Function]}
                                onMouseEnter={[Function]}
                                onMouseLeave={[Function]}
                                onMouseOut={[Function]}
                                onMouseOver={[Function]}
                                size={20}
                              >
                                <IconBase
                                  attr={
                                    Object {
                                      "viewBox": "0 0 1024 1024",
                                    }
                                  }
                                  className="emotion-16 emotion-17"
                                  color="#e4e5e9"
                                  onBlur={[Function]}
                                  onClick={[Function]}
                                  onFocus={[Function]}
                                  onMouseEnter={[Function]}
                                  onMouseLeave={[Function]}
                                  onMouseOut={[Function]}
                                  onMouseOver={[Function]}
                                  size={20}
                                >
                                  <svg
                                    className="emotion-16 emotion-17"
                                    color="#e4e5e9"
                                    fill="currentColor"
                                    height={20}
                                    onBlur={[Function]}
                                    onClick={[Function]}
                                    onFocus={[Function]}
                                    onMouseEnter={[Function]}
                                    onMouseLeave={[Function]}
                                    onMouseOut={[Function]}
                                    onMouseOver={[Function]}
                                    size={20}
                                    stroke="currentColor"
                                    strokeWidth="0"
                                    style={
                                      Object {
                                        "color": "#e4e5e9",
                                      }
                                    }
                                    viewBox="0 0 1024 1024"
                                    width={20}
                                    xmlns="http://www.w3.org/2000/svg"
                                  >
                                    <path
                                      d="M908.1 353.1l-253.9-36.9L540.7 86.1c-3.1-6.3-8.2-11.4-14.5-14.5-15.8-7.8-35-1.3-42.9 14.5L369.8 316.2l-253.9 36.9c-7 1-13.4 4.3-18.3 9.3a32.05 32.05 0 0 0 .6 45.3l183.7 179.1-43.4 252.9a31.95 31.95 0 0 0 46.4 33.7L512 754l227.1 119.4c6.2 3.3 13.4 4.4 20.3 3.2 17.4-3 29.1-19.5 26.1-36.9l-43.4-252.9 183.7-179.1c5-4.9 8.3-11.3 9.3-18.3 2.7-17.5-9.5-33.7-27-36.3z"
                                      key="0"
                                    />
                                  </svg>
                                </IconBase>
                              </AiFillStar>
                            </StarIcon>
                          </Star>
                          <Star
                            full={false}
                            id="fc352593-c91d-4cf6-b689-7478ee2b61c8"
                            index={4}
                            key="c7d214b1-90f7-4eb1-a6c1-8dbdc26d9dfe"
                            onRate={[Function]}
                            setOverride={[Function]}
                          >
                            <StarIcon
                              color="#e4e5e9"
                              onBlur={[Function]}
                              onClick={[Function]}
                              onFocus={[Function]}
                              onMouseEnter={[Function]}
                              onMouseLeave={[Function]}
                              onMouseOut={[Function]}
                              onMouseOver={[Function]}
                              size={20}
                            >
                              <AiFillStar
                                className="emotion-16 emotion-17"
                                color="#e4e5e9"
                                onBlur={[Function]}
                                onClick={[Function]}
                                onFocus={[Function]}
                                onMouseEnter={[Function]}
                                onMouseLeave={[Function]}
                                onMouseOut={[Function]}
                                onMouseOver={[Function]}
                                size={20}
                              >
                                <IconBase
                                  attr={
                                    Object {
                                      "viewBox": "0 0 1024 1024",
                                    }
                                  }
                                  className="emotion-16 emotion-17"
                                  color="#e4e5e9"
                                  onBlur={[Function]}
                                  onClick={[Function]}
                                  onFocus={[Function]}
                                  onMouseEnter={[Function]}
                                  onMouseLeave={[Function]}
                                  onMouseOut={[Function]}
                                  onMouseOver={[Function]}
                                  size={20}
                                >
                                  <svg
                                    className="emotion-16 emotion-17"
                                    color="#e4e5e9"
                                    fill="currentColor"
                                    height={20}
                                    onBlur={[Function]}
                                    onClick={[Function]}
                                    onFocus={[Function]}
                                    onMouseEnter={[Function]}
                                    onMouseLeave={[Function]}
                                    onMouseOut={[Function]}
                                    onMouseOver={[Function]}
                                    size={20}
                                    stroke="currentColor"
                                    strokeWidth="0"
                                    style={
                                      Object {
                                        "color": "#e4e5e9",
                                      }
                                    }
                                    viewBox="0 0 1024 1024"
                                    width={20}
                                    xmlns="http://www.w3.org/2000/svg"
                                  >
                                    <path
                                      d="M908.1 353.1l-253.9-36.9L540.7 86.1c-3.1-6.3-8.2-11.4-14.5-14.5-15.8-7.8-35-1.3-42.9 14.5L369.8 316.2l-253.9 36.9c-7 1-13.4 4.3-18.3 9.3a32.05 32.05 0 0 0 .6 45.3l183.7 179.1-43.4 252.9a31.95 31.95 0 0 0 46.4 33.7L512 754l227.1 119.4c6.2 3.3 13.4 4.4 20.3 3.2 17.4-3 29.1-19.5 26.1-36.9l-43.4-252.9 183.7-179.1c5-4.9 8.3-11.3 9.3-18.3 2.7-17.5-9.5-33.7-27-36.3z"
                                      key="0"
                                    />
                                  </svg>
                                </IconBase>
                              </AiFillStar>
                            </StarIcon>
                          </Star>
                        </div>
                      </RatingContainer>
                    </Rating>
                  </div>
                </Card>
              </ColorItem>
            </li>
          </ul>
        </List>
      </ColorList>
    </div>
  </AppContainer>
</App>
`;
